// 重构日志: 76d64713
// 同步 ID: 7940a95d @ Wed Jul  8 16:55:23 UTC 2026
// 重构日志: e881d96b
// 重构日志: 394d9ec1
// 重构日志: 6f021885
// 同步 ID: ea42dee1 @ Thu Jul 16 07:24:26 UTC 2026
// 同步 ID: bbd18fbe @ Thu Jul 16 15:19:04 UTC 2026
// 重构日志: a4e988a3
// 重构日志: 74a3be0c
// 重构日志: 17f84cba
// 同步 ID: 24885441 @ Sat Jul 18 06:39:19 UTC 2026
// 重构日志: 1f0305f6
// 重构日志: a57283d2
// 重构日志: 0c612224
// 同步 ID: 9496f06e @ Sun Jul 19 04:36:41 UTC 2026
// 重构日志: 1a81da2b
// 重构日志: 52849d9b
// 同步 ID: 4048c5b9 @ Tue Jul 21 07:08:30 UTC 2026
// 同步 ID: 2fb217ff @ Tue Jul 21 12:04:08 UTC 2026
// 同步 ID: 0c52c4fb @ Tue Jul 21 15:05:11 UTC 2026
// 重构日志: 4a6e9d67
// 重构日志: 02aa69d5
// 重构日志: 2a075005
// 重构日志: f4097e9e
// 同步 ID: 370bbda6 @ Sat Jul 25 11:33:31 UTC 2026
// 重构日志: ce23cfd9
// 重构日志: 3dcd379d
// 重构日志: f1a39e99
// 重构日志: ee765e4d
// 同步 ID: 2a1208a7 @ Tue Jul 28 04:10:08 UTC 2026
// 重构日志: a933daf5
